main_chip/soc_ack_o_reg
main_chip/soc_finish_o_reg
main_chip/soc_ready_o_reg
main_chip/soc_streamed_rdata_0_o_reg
main_chip/soc_streamed_rdata_10_o_reg
main_chip/soc_streamed_rdata_11_o_reg
main_chip/soc_streamed_rdata_12_o_reg
main_chip/soc_streamed_rdata_13_o_reg
main_chip/soc_streamed_rdata_14_o_reg
main_chip/soc_streamed_rdata_15_o_reg
main_chip/soc_streamed_rdata_1_o_reg
main_chip/soc_streamed_rdata_2_o_reg
main_chip/soc_streamed_rdata_3_o_reg
main_chip/soc_streamed_rdata_4_o_reg
main_chip/soc_streamed_rdata_5_o_reg
main_chip/soc_streamed_rdata_6_o_reg
main_chip/soc_streamed_rdata_7_o_reg
main_chip/soc_streamed_rdata_8_o_reg
main_chip/soc_streamed_rdata_9_o_reg
main_chip/u_main.GEMM_gen_inp_A_sram_addr_0__reg
main_chip/u_main.GEMM_gen_inp_A_sram_addr_1__reg
main_chip/u_main.GEMM_gen_inp_A_sram_addr_2__reg
main_chip/u_main.GEMM_gen_inp_A_sram_addr_3__reg
main_chip/u_main.GEMM_gen_inp_A_sram_addr_4__reg
main_chip/u_main.GEMM_gen_inp_A_sram_addr_5__reg
main_chip/u_main.GEMM_gen_inp_B_sram_addr_3__reg
main_chip/u_main.GEMM_gen_inp_B_sram_addr_4__reg
main_chip/u_main.GEMM_gen_inp_B_sram_addr_5__reg
main_chip/u_main.SRAM_gen_inp_sram_addr_0__reg
main_chip/u_main.SRAM_gen_inp_sram_addr_1__reg
main_chip/u_main.SRAM_gen_inp_sram_addr_2__reg
main_chip/u_main.SRAM_gen_inp_sram_addr_3__reg
main_chip/u_main.SRAM_gen_inp_sram_addr_4__reg
main_chip/u_main.SRAM_gen_inp_sram_addr_5__reg
main_chip/u_main.SRAM_gen_out_sram_addr_0__reg
main_chip/u_main.SRAM_gen_out_sram_addr_1__reg
main_chip/u_main.SRAM_gen_out_sram_addr_2__reg
main_chip/u_main.SRAM_gen_out_sram_addr_3__reg
main_chip/u_main.SRAM_gen_out_sram_addr_4__reg
main_chip/u_main.SRAM_gen_out_sram_addr_5__reg
main_chip/u_main.SRAM_gen_out_sram_addr_6__reg
main_chip/u_main.SRAM_gen_out_sram_addr_7__reg
main_chip/u_main.ctrl.active_loading_q_reg
main_chip/u_main.ctrl.done_i_reg
main_chip/u_main.ctrl.done_pending_q_reg
main_chip/u_main.ctrl.ext_finish_o_reg
main_chip/u_main.ctrl.ext_ready_o_reg
main_chip/u_main.ctrl.ext_req_i_reg
main_chip/u_main.ctrl.ext_we_i_reg
main_chip/u_main.ctrl.input_sram_addr_d_0__reg
main_chip/u_main.ctrl.input_sram_addr_d_1__reg
main_chip/u_main.ctrl.input_sram_addr_d_2__reg
main_chip/u_main.ctrl.input_sram_addr_d_3__reg
main_chip/u_main.ctrl.input_sram_addr_d_4__reg
main_chip/u_main.ctrl.input_sram_addr_d_5__reg
main_chip/u_main.ctrl.input_sram_addr_d_6__reg
main_chip/u_main.ctrl.mux_sel_o_reg
main_chip/u_main.ctrl.output_sram_addr_d_0__reg
main_chip/u_main.ctrl.output_sram_addr_d_1__reg
main_chip/u_main.ctrl.output_sram_addr_d_2__reg
main_chip/u_main.ctrl.output_sram_addr_d_3__reg
main_chip/u_main.ctrl.output_sram_addr_d_4__reg
main_chip/u_main.ctrl.output_sram_addr_d_5__reg
main_chip/u_main.ctrl.output_sram_addr_d_6__reg
main_chip/u_main.ctrl.output_sram_addr_d_7__reg
main_chip/u_main.ctrl.pad_enable_o_reg
main_chip/u_main.ctrl.pad_load_o_reg
main_chip/u_main.ctrl.reset_intermediate_regs_o_reg
main_chip/u_main.ctrl.result_addr_i_0__reg
main_chip/u_main.ctrl.result_addr_i_1__reg
main_chip/u_main.ctrl.result_addr_i_2__reg
main_chip/u_main.ctrl.result_addr_i_3__reg
main_chip/u_main.ctrl.result_addr_i_4__reg
main_chip/u_main.ctrl.result_addr_i_5__reg
main_chip/u_main.ctrl.result_addr_i_6__reg
main_chip/u_main.ctrl.result_addr_i_7__reg
main_chip/u_main.ctrl.result_valid_i_reg
main_chip/u_main.ctrl.shift_reg_cnt_q_0__reg
main_chip/u_main.ctrl.shift_reg_cnt_q_1__reg
main_chip/u_main.ctrl.sr_inp_enable_o_reg
main_chip/u_main.ctrl.sr_out_load_o_reg
main_chip/u_main.ctrl.sram_req_o_0__reg
main_chip/u_main.ctrl.sram_req_o_1__reg
main_chip/u_main.ctrl.sram_req_o_2__reg
main_chip/u_main.ctrl.sram_we_o_0__reg
main_chip/u_main.ctrl.sram_we_o_1__reg
main_chip/u_main.ctrl.sram_we_o_2__reg
main_chip/u_main.ctrl.start_o_reg
main_chip/u_main.ctrl.state_q_2__reg
main_chip/u_main.ctrl.state_q_3__reg
main_chip/u_main.ctrl.state_q_4__reg
main_chip/u_main.ctrl.state_q_5__reg
main_chip/u_main.ctrl.state_q_6__reg
main_chip/u_main.final64_wdata_0__reg
main_chip/u_main.final64_wdata_10__reg
main_chip/u_main.final64_wdata_11__reg
main_chip/u_main.final64_wdata_12__reg
main_chip/u_main.final64_wdata_13__reg
main_chip/u_main.final64_wdata_14__reg
main_chip/u_main.final64_wdata_15__reg
main_chip/u_main.final64_wdata_16__reg
main_chip/u_main.final64_wdata_17__reg
main_chip/u_main.final64_wdata_18__reg
main_chip/u_main.final64_wdata_19__reg
main_chip/u_main.final64_wdata_1__reg
main_chip/u_main.final64_wdata_20__reg
main_chip/u_main.final64_wdata_21__reg
main_chip/u_main.final64_wdata_22__reg
main_chip/u_main.final64_wdata_23__reg
main_chip/u_main.final64_wdata_24__reg
main_chip/u_main.final64_wdata_25__reg
main_chip/u_main.final64_wdata_26__reg
main_chip/u_main.final64_wdata_27__reg
main_chip/u_main.final64_wdata_28__reg
main_chip/u_main.final64_wdata_29__reg
main_chip/u_main.final64_wdata_2__reg
main_chip/u_main.final64_wdata_30__reg
main_chip/u_main.final64_wdata_31__reg
main_chip/u_main.final64_wdata_32__reg
main_chip/u_main.final64_wdata_33__reg
main_chip/u_main.final64_wdata_34__reg
main_chip/u_main.final64_wdata_35__reg
main_chip/u_main.final64_wdata_36__reg
main_chip/u_main.final64_wdata_37__reg
main_chip/u_main.final64_wdata_38__reg
main_chip/u_main.final64_wdata_39__reg
main_chip/u_main.final64_wdata_3__reg
main_chip/u_main.final64_wdata_40__reg
main_chip/u_main.final64_wdata_41__reg
main_chip/u_main.final64_wdata_42__reg
main_chip/u_main.final64_wdata_43__reg
main_chip/u_main.final64_wdata_44__reg
main_chip/u_main.final64_wdata_45__reg
main_chip/u_main.final64_wdata_46__reg
main_chip/u_main.final64_wdata_47__reg
main_chip/u_main.final64_wdata_48__reg
main_chip/u_main.final64_wdata_49__reg
main_chip/u_main.final64_wdata_4__reg
main_chip/u_main.final64_wdata_50__reg
main_chip/u_main.final64_wdata_51__reg
main_chip/u_main.final64_wdata_52__reg
main_chip/u_main.final64_wdata_53__reg
main_chip/u_main.final64_wdata_54__reg
main_chip/u_main.final64_wdata_55__reg
main_chip/u_main.final64_wdata_56__reg
main_chip/u_main.final64_wdata_57__reg
main_chip/u_main.final64_wdata_58__reg
main_chip/u_main.final64_wdata_59__reg
main_chip/u_main.final64_wdata_5__reg
main_chip/u_main.final64_wdata_60__reg
main_chip/u_main.final64_wdata_61__reg
main_chip/u_main.final64_wdata_62__reg
main_chip/u_main.final64_wdata_63__reg
main_chip/u_main.final64_wdata_6__reg
main_chip/u_main.final64_wdata_7__reg
main_chip/u_main.final64_wdata_8__reg
main_chip/u_main.final64_wdata_9__reg
main_chip/u_main.final_data_padded_0__reg
main_chip/u_main.final_data_padded_10__reg
main_chip/u_main.final_data_padded_11__reg
main_chip/u_main.final_data_padded_12__reg
main_chip/u_main.final_data_padded_15__reg
main_chip/u_main.final_data_padded_16__reg
main_chip/u_main.final_data_padded_17__reg
main_chip/u_main.final_data_padded_18__reg
main_chip/u_main.final_data_padded_19__reg
main_chip/u_main.final_data_padded_1__reg
main_chip/u_main.final_data_padded_20__reg
main_chip/u_main.final_data_padded_21__reg
main_chip/u_main.final_data_padded_22__reg
main_chip/u_main.final_data_padded_23__reg
main_chip/u_main.final_data_padded_24__reg
main_chip/u_main.final_data_padded_25__reg
main_chip/u_main.final_data_padded_26__reg
main_chip/u_main.final_data_padded_27__reg
main_chip/u_main.final_data_padded_28__reg
main_chip/u_main.final_data_padded_2__reg
main_chip/u_main.final_data_padded_31__reg
main_chip/u_main.final_data_padded_32__reg
main_chip/u_main.final_data_padded_33__reg
main_chip/u_main.final_data_padded_34__reg
main_chip/u_main.final_data_padded_35__reg
main_chip/u_main.final_data_padded_36__reg
main_chip/u_main.final_data_padded_37__reg
main_chip/u_main.final_data_padded_38__reg
main_chip/u_main.final_data_padded_39__reg
main_chip/u_main.final_data_padded_3__reg
main_chip/u_main.final_data_padded_40__reg
main_chip/u_main.final_data_padded_41__reg
main_chip/u_main.final_data_padded_42__reg
main_chip/u_main.final_data_padded_43__reg
main_chip/u_main.final_data_padded_44__reg
main_chip/u_main.final_data_padded_47__reg
main_chip/u_main.final_data_padded_48__reg
main_chip/u_main.final_data_padded_49__reg
main_chip/u_main.final_data_padded_4__reg
main_chip/u_main.final_data_padded_50__reg
main_chip/u_main.final_data_padded_51__reg
main_chip/u_main.final_data_padded_52__reg
main_chip/u_main.final_data_padded_53__reg
main_chip/u_main.final_data_padded_54__reg
main_chip/u_main.final_data_padded_55__reg
main_chip/u_main.final_data_padded_56__reg
main_chip/u_main.final_data_padded_57__reg
main_chip/u_main.final_data_padded_58__reg
main_chip/u_main.final_data_padded_59__reg
main_chip/u_main.final_data_padded_5__reg
main_chip/u_main.final_data_padded_60__reg
main_chip/u_main.final_data_padded_63__reg
main_chip/u_main.final_data_padded_6__reg
main_chip/u_main.final_data_padded_7__reg
main_chip/u_main.final_data_padded_8__reg
main_chip/u_main.final_data_padded_9__reg
main_chip/u_main.final_data_q_0__reg
main_chip/u_main.final_data_q_100__reg
main_chip/u_main.final_data_q_101__reg
main_chip/u_main.final_data_q_102__reg
main_chip/u_main.final_data_q_103__reg
main_chip/u_main.final_data_q_104__reg
main_chip/u_main.final_data_q_105__reg
main_chip/u_main.final_data_q_106__reg
main_chip/u_main.final_data_q_107__reg
main_chip/u_main.final_data_q_108__reg
main_chip/u_main.final_data_q_109__reg
main_chip/u_main.final_data_q_10__reg
main_chip/u_main.final_data_q_110__reg
main_chip/u_main.final_data_q_111__reg
main_chip/u_main.final_data_q_112__reg
main_chip/u_main.final_data_q_113__reg
main_chip/u_main.final_data_q_114__reg
main_chip/u_main.final_data_q_115__reg
main_chip/u_main.final_data_q_116__reg
main_chip/u_main.final_data_q_117__reg
main_chip/u_main.final_data_q_118__reg
main_chip/u_main.final_data_q_119__reg
main_chip/u_main.final_data_q_11__reg
main_chip/u_main.final_data_q_120__reg
main_chip/u_main.final_data_q_121__reg
main_chip/u_main.final_data_q_122__reg
main_chip/u_main.final_data_q_123__reg
main_chip/u_main.final_data_q_124__reg
main_chip/u_main.final_data_q_125__reg
main_chip/u_main.final_data_q_126__reg
main_chip/u_main.final_data_q_127__reg
main_chip/u_main.final_data_q_128__reg
main_chip/u_main.final_data_q_129__reg
main_chip/u_main.final_data_q_12__reg
main_chip/u_main.final_data_q_130__reg
main_chip/u_main.final_data_q_131__reg
main_chip/u_main.final_data_q_132__reg
main_chip/u_main.final_data_q_133__reg
main_chip/u_main.final_data_q_134__reg
main_chip/u_main.final_data_q_135__reg
main_chip/u_main.final_data_q_136__reg
main_chip/u_main.final_data_q_137__reg
main_chip/u_main.final_data_q_138__reg
main_chip/u_main.final_data_q_139__reg
main_chip/u_main.final_data_q_13__reg
main_chip/u_main.final_data_q_140__reg
main_chip/u_main.final_data_q_141__reg
main_chip/u_main.final_data_q_142__reg
main_chip/u_main.final_data_q_143__reg
main_chip/u_main.final_data_q_144__reg
main_chip/u_main.final_data_q_145__reg
main_chip/u_main.final_data_q_146__reg
main_chip/u_main.final_data_q_147__reg
main_chip/u_main.final_data_q_148__reg
main_chip/u_main.final_data_q_149__reg
main_chip/u_main.final_data_q_14__reg
main_chip/u_main.final_data_q_150__reg
main_chip/u_main.final_data_q_151__reg
main_chip/u_main.final_data_q_152__reg
main_chip/u_main.final_data_q_153__reg
main_chip/u_main.final_data_q_154__reg
main_chip/u_main.final_data_q_155__reg
main_chip/u_main.final_data_q_156__reg
main_chip/u_main.final_data_q_157__reg
main_chip/u_main.final_data_q_158__reg
main_chip/u_main.final_data_q_159__reg
main_chip/u_main.final_data_q_15__reg
main_chip/u_main.final_data_q_160__reg
main_chip/u_main.final_data_q_161__reg
main_chip/u_main.final_data_q_162__reg
main_chip/u_main.final_data_q_163__reg
main_chip/u_main.final_data_q_164__reg
main_chip/u_main.final_data_q_165__reg
main_chip/u_main.final_data_q_166__reg
main_chip/u_main.final_data_q_167__reg
main_chip/u_main.final_data_q_168__reg
main_chip/u_main.final_data_q_169__reg
main_chip/u_main.final_data_q_16__reg
main_chip/u_main.final_data_q_170__reg
main_chip/u_main.final_data_q_171__reg
main_chip/u_main.final_data_q_172__reg
main_chip/u_main.final_data_q_173__reg
main_chip/u_main.final_data_q_174__reg
main_chip/u_main.final_data_q_175__reg
main_chip/u_main.final_data_q_176__reg
main_chip/u_main.final_data_q_177__reg
main_chip/u_main.final_data_q_178__reg
main_chip/u_main.final_data_q_179__reg
main_chip/u_main.final_data_q_17__reg
main_chip/u_main.final_data_q_180__reg
main_chip/u_main.final_data_q_181__reg
main_chip/u_main.final_data_q_182__reg
main_chip/u_main.final_data_q_183__reg
main_chip/u_main.final_data_q_184__reg
main_chip/u_main.final_data_q_185__reg
main_chip/u_main.final_data_q_186__reg
main_chip/u_main.final_data_q_187__reg
main_chip/u_main.final_data_q_188__reg
main_chip/u_main.final_data_q_189__reg
main_chip/u_main.final_data_q_18__reg
main_chip/u_main.final_data_q_190__reg
main_chip/u_main.final_data_q_191__reg
main_chip/u_main.final_data_q_192__reg
main_chip/u_main.final_data_q_193__reg
main_chip/u_main.final_data_q_194__reg
main_chip/u_main.final_data_q_195__reg
main_chip/u_main.final_data_q_196__reg
main_chip/u_main.final_data_q_197__reg
main_chip/u_main.final_data_q_198__reg
main_chip/u_main.final_data_q_199__reg
main_chip/u_main.final_data_q_19__reg
main_chip/u_main.final_data_q_1__reg
main_chip/u_main.final_data_q_200__reg
main_chip/u_main.final_data_q_201__reg
main_chip/u_main.final_data_q_202__reg
main_chip/u_main.final_data_q_203__reg
main_chip/u_main.final_data_q_204__reg
main_chip/u_main.final_data_q_205__reg
main_chip/u_main.final_data_q_206__reg
main_chip/u_main.final_data_q_207__reg
main_chip/u_main.final_data_q_208__reg
main_chip/u_main.final_data_q_209__reg
main_chip/u_main.final_data_q_20__reg
main_chip/u_main.final_data_q_210__reg
main_chip/u_main.final_data_q_211__reg
main_chip/u_main.final_data_q_212__reg
main_chip/u_main.final_data_q_213__reg
main_chip/u_main.final_data_q_214__reg
main_chip/u_main.final_data_q_215__reg
main_chip/u_main.final_data_q_216__reg
main_chip/u_main.final_data_q_217__reg
main_chip/u_main.final_data_q_218__reg
main_chip/u_main.final_data_q_219__reg
main_chip/u_main.final_data_q_21__reg
main_chip/u_main.final_data_q_220__reg
main_chip/u_main.final_data_q_221__reg
main_chip/u_main.final_data_q_222__reg
main_chip/u_main.final_data_q_223__reg
main_chip/u_main.final_data_q_22__reg
main_chip/u_main.final_data_q_23__reg
main_chip/u_main.final_data_q_24__reg
main_chip/u_main.final_data_q_25__reg
main_chip/u_main.final_data_q_26__reg
main_chip/u_main.final_data_q_27__reg
main_chip/u_main.final_data_q_28__reg
main_chip/u_main.final_data_q_29__reg
main_chip/u_main.final_data_q_2__reg
main_chip/u_main.final_data_q_30__reg
main_chip/u_main.final_data_q_31__reg
main_chip/u_main.final_data_q_32__reg
main_chip/u_main.final_data_q_33__reg
main_chip/u_main.final_data_q_34__reg
main_chip/u_main.final_data_q_35__reg
main_chip/u_main.final_data_q_36__reg
main_chip/u_main.final_data_q_37__reg
main_chip/u_main.final_data_q_38__reg
main_chip/u_main.final_data_q_39__reg
main_chip/u_main.final_data_q_3__reg
main_chip/u_main.final_data_q_40__reg
main_chip/u_main.final_data_q_41__reg
main_chip/u_main.final_data_q_42__reg
main_chip/u_main.final_data_q_43__reg
main_chip/u_main.final_data_q_44__reg
main_chip/u_main.final_data_q_45__reg
main_chip/u_main.final_data_q_46__reg
main_chip/u_main.final_data_q_47__reg
main_chip/u_main.final_data_q_48__reg
main_chip/u_main.final_data_q_49__reg
main_chip/u_main.final_data_q_4__reg
main_chip/u_main.final_data_q_50__reg
main_chip/u_main.final_data_q_51__reg
main_chip/u_main.final_data_q_52__reg
main_chip/u_main.final_data_q_53__reg
main_chip/u_main.final_data_q_54__reg
main_chip/u_main.final_data_q_55__reg
main_chip/u_main.final_data_q_56__reg
main_chip/u_main.final_data_q_57__reg
main_chip/u_main.final_data_q_58__reg
main_chip/u_main.final_data_q_59__reg
main_chip/u_main.final_data_q_5__reg
main_chip/u_main.final_data_q_60__reg
main_chip/u_main.final_data_q_61__reg
main_chip/u_main.final_data_q_62__reg
main_chip/u_main.final_data_q_63__reg
main_chip/u_main.final_data_q_64__reg
main_chip/u_main.final_data_q_65__reg
main_chip/u_main.final_data_q_66__reg
main_chip/u_main.final_data_q_67__reg
main_chip/u_main.final_data_q_68__reg
main_chip/u_main.final_data_q_69__reg
main_chip/u_main.final_data_q_6__reg
main_chip/u_main.final_data_q_70__reg
main_chip/u_main.final_data_q_71__reg
main_chip/u_main.final_data_q_72__reg
main_chip/u_main.final_data_q_73__reg
main_chip/u_main.final_data_q_74__reg
main_chip/u_main.final_data_q_75__reg
main_chip/u_main.final_data_q_76__reg
main_chip/u_main.final_data_q_77__reg
main_chip/u_main.final_data_q_78__reg
main_chip/u_main.final_data_q_79__reg
main_chip/u_main.final_data_q_7__reg
main_chip/u_main.final_data_q_80__reg
main_chip/u_main.final_data_q_81__reg
main_chip/u_main.final_data_q_82__reg
main_chip/u_main.final_data_q_83__reg
main_chip/u_main.final_data_q_84__reg
main_chip/u_main.final_data_q_85__reg
main_chip/u_main.final_data_q_86__reg
main_chip/u_main.final_data_q_87__reg
main_chip/u_main.final_data_q_88__reg
main_chip/u_main.final_data_q_89__reg
main_chip/u_main.final_data_q_8__reg
main_chip/u_main.final_data_q_90__reg
main_chip/u_main.final_data_q_91__reg
main_chip/u_main.final_data_q_92__reg
main_chip/u_main.final_data_q_93__reg
main_chip/u_main.final_data_q_94__reg
main_chip/u_main.final_data_q_95__reg
main_chip/u_main.final_data_q_96__reg
main_chip/u_main.final_data_q_97__reg
main_chip/u_main.final_data_q_98__reg
main_chip/u_main.final_data_q_99__reg
main_chip/u_main.final_data_q_9__reg
main_chip/u_main.mul.intermediate_result_q_0__reg
main_chip/u_main.mul.intermediate_result_q_100__reg
main_chip/u_main.mul.intermediate_result_q_101__reg
main_chip/u_main.mul.intermediate_result_q_102__reg
main_chip/u_main.mul.intermediate_result_q_103__reg
main_chip/u_main.mul.intermediate_result_q_104__reg
main_chip/u_main.mul.intermediate_result_q_105__reg
main_chip/u_main.mul.intermediate_result_q_106__reg
main_chip/u_main.mul.intermediate_result_q_107__reg
main_chip/u_main.mul.intermediate_result_q_108__reg
main_chip/u_main.mul.intermediate_result_q_109__reg
main_chip/u_main.mul.intermediate_result_q_10__reg
main_chip/u_main.mul.intermediate_result_q_110__reg
main_chip/u_main.mul.intermediate_result_q_112__reg
main_chip/u_main.mul.intermediate_result_q_113__reg
main_chip/u_main.mul.intermediate_result_q_114__reg
main_chip/u_main.mul.intermediate_result_q_115__reg
main_chip/u_main.mul.intermediate_result_q_116__reg
main_chip/u_main.mul.intermediate_result_q_117__reg
main_chip/u_main.mul.intermediate_result_q_118__reg
main_chip/u_main.mul.intermediate_result_q_119__reg
main_chip/u_main.mul.intermediate_result_q_11__reg
main_chip/u_main.mul.intermediate_result_q_120__reg
main_chip/u_main.mul.intermediate_result_q_121__reg
main_chip/u_main.mul.intermediate_result_q_122__reg
main_chip/u_main.mul.intermediate_result_q_123__reg
main_chip/u_main.mul.intermediate_result_q_124__reg
main_chip/u_main.mul.intermediate_result_q_126__reg
main_chip/u_main.mul.intermediate_result_q_127__reg
main_chip/u_main.mul.intermediate_result_q_128__reg
main_chip/u_main.mul.intermediate_result_q_129__reg
main_chip/u_main.mul.intermediate_result_q_12__reg
main_chip/u_main.mul.intermediate_result_q_130__reg
main_chip/u_main.mul.intermediate_result_q_131__reg
main_chip/u_main.mul.intermediate_result_q_132__reg
main_chip/u_main.mul.intermediate_result_q_133__reg
main_chip/u_main.mul.intermediate_result_q_134__reg
main_chip/u_main.mul.intermediate_result_q_135__reg
main_chip/u_main.mul.intermediate_result_q_136__reg
main_chip/u_main.mul.intermediate_result_q_137__reg
main_chip/u_main.mul.intermediate_result_q_138__reg
main_chip/u_main.mul.intermediate_result_q_140__reg
main_chip/u_main.mul.intermediate_result_q_141__reg
main_chip/u_main.mul.intermediate_result_q_142__reg
main_chip/u_main.mul.intermediate_result_q_143__reg
main_chip/u_main.mul.intermediate_result_q_144__reg
main_chip/u_main.mul.intermediate_result_q_145__reg
main_chip/u_main.mul.intermediate_result_q_146__reg
main_chip/u_main.mul.intermediate_result_q_147__reg
main_chip/u_main.mul.intermediate_result_q_148__reg
main_chip/u_main.mul.intermediate_result_q_149__reg
main_chip/u_main.mul.intermediate_result_q_14__reg
main_chip/u_main.mul.intermediate_result_q_150__reg
main_chip/u_main.mul.intermediate_result_q_151__reg
main_chip/u_main.mul.intermediate_result_q_152__reg
main_chip/u_main.mul.intermediate_result_q_154__reg
main_chip/u_main.mul.intermediate_result_q_155__reg
main_chip/u_main.mul.intermediate_result_q_156__reg
main_chip/u_main.mul.intermediate_result_q_157__reg
main_chip/u_main.mul.intermediate_result_q_158__reg
main_chip/u_main.mul.intermediate_result_q_159__reg
main_chip/u_main.mul.intermediate_result_q_15__reg
main_chip/u_main.mul.intermediate_result_q_160__reg
main_chip/u_main.mul.intermediate_result_q_161__reg
main_chip/u_main.mul.intermediate_result_q_162__reg
main_chip/u_main.mul.intermediate_result_q_163__reg
main_chip/u_main.mul.intermediate_result_q_164__reg
main_chip/u_main.mul.intermediate_result_q_165__reg
main_chip/u_main.mul.intermediate_result_q_166__reg
main_chip/u_main.mul.intermediate_result_q_168__reg
main_chip/u_main.mul.intermediate_result_q_169__reg
main_chip/u_main.mul.intermediate_result_q_16__reg
main_chip/u_main.mul.intermediate_result_q_170__reg
main_chip/u_main.mul.intermediate_result_q_171__reg
main_chip/u_main.mul.intermediate_result_q_172__reg
main_chip/u_main.mul.intermediate_result_q_173__reg
main_chip/u_main.mul.intermediate_result_q_174__reg
main_chip/u_main.mul.intermediate_result_q_175__reg
main_chip/u_main.mul.intermediate_result_q_176__reg
main_chip/u_main.mul.intermediate_result_q_177__reg
main_chip/u_main.mul.intermediate_result_q_178__reg
main_chip/u_main.mul.intermediate_result_q_179__reg
main_chip/u_main.mul.intermediate_result_q_17__reg
main_chip/u_main.mul.intermediate_result_q_180__reg
main_chip/u_main.mul.intermediate_result_q_182__reg
main_chip/u_main.mul.intermediate_result_q_183__reg
main_chip/u_main.mul.intermediate_result_q_184__reg
main_chip/u_main.mul.intermediate_result_q_185__reg
main_chip/u_main.mul.intermediate_result_q_186__reg
main_chip/u_main.mul.intermediate_result_q_187__reg
main_chip/u_main.mul.intermediate_result_q_188__reg
main_chip/u_main.mul.intermediate_result_q_189__reg
main_chip/u_main.mul.intermediate_result_q_18__reg
main_chip/u_main.mul.intermediate_result_q_190__reg
main_chip/u_main.mul.intermediate_result_q_191__reg
main_chip/u_main.mul.intermediate_result_q_192__reg
main_chip/u_main.mul.intermediate_result_q_193__reg
main_chip/u_main.mul.intermediate_result_q_194__reg
main_chip/u_main.mul.intermediate_result_q_196__reg
main_chip/u_main.mul.intermediate_result_q_197__reg
main_chip/u_main.mul.intermediate_result_q_198__reg
main_chip/u_main.mul.intermediate_result_q_199__reg
main_chip/u_main.mul.intermediate_result_q_19__reg
main_chip/u_main.mul.intermediate_result_q_1__reg
main_chip/u_main.mul.intermediate_result_q_200__reg
main_chip/u_main.mul.intermediate_result_q_201__reg
main_chip/u_main.mul.intermediate_result_q_202__reg
main_chip/u_main.mul.intermediate_result_q_203__reg
main_chip/u_main.mul.intermediate_result_q_204__reg
main_chip/u_main.mul.intermediate_result_q_205__reg
main_chip/u_main.mul.intermediate_result_q_206__reg
main_chip/u_main.mul.intermediate_result_q_207__reg
main_chip/u_main.mul.intermediate_result_q_208__reg
main_chip/u_main.mul.intermediate_result_q_20__reg
main_chip/u_main.mul.intermediate_result_q_210__reg
main_chip/u_main.mul.intermediate_result_q_211__reg
main_chip/u_main.mul.intermediate_result_q_212__reg
main_chip/u_main.mul.intermediate_result_q_213__reg
main_chip/u_main.mul.intermediate_result_q_214__reg
main_chip/u_main.mul.intermediate_result_q_215__reg
main_chip/u_main.mul.intermediate_result_q_216__reg
main_chip/u_main.mul.intermediate_result_q_217__reg
main_chip/u_main.mul.intermediate_result_q_218__reg
main_chip/u_main.mul.intermediate_result_q_219__reg
main_chip/u_main.mul.intermediate_result_q_21__reg
main_chip/u_main.mul.intermediate_result_q_220__reg
main_chip/u_main.mul.intermediate_result_q_221__reg
main_chip/u_main.mul.intermediate_result_q_222__reg
main_chip/u_main.mul.intermediate_result_q_22__reg
main_chip/u_main.mul.intermediate_result_q_23__reg
main_chip/u_main.mul.intermediate_result_q_24__reg
main_chip/u_main.mul.intermediate_result_q_25__reg
main_chip/u_main.mul.intermediate_result_q_26__reg
main_chip/u_main.mul.intermediate_result_q_28__reg
main_chip/u_main.mul.intermediate_result_q_29__reg
main_chip/u_main.mul.intermediate_result_q_2__reg
main_chip/u_main.mul.intermediate_result_q_30__reg
main_chip/u_main.mul.intermediate_result_q_31__reg
main_chip/u_main.mul.intermediate_result_q_32__reg
main_chip/u_main.mul.intermediate_result_q_33__reg
main_chip/u_main.mul.intermediate_result_q_34__reg
main_chip/u_main.mul.intermediate_result_q_35__reg
main_chip/u_main.mul.intermediate_result_q_36__reg
main_chip/u_main.mul.intermediate_result_q_37__reg
main_chip/u_main.mul.intermediate_result_q_38__reg
main_chip/u_main.mul.intermediate_result_q_39__reg
main_chip/u_main.mul.intermediate_result_q_3__reg
main_chip/u_main.mul.intermediate_result_q_40__reg
main_chip/u_main.mul.intermediate_result_q_42__reg
main_chip/u_main.mul.intermediate_result_q_43__reg
main_chip/u_main.mul.intermediate_result_q_44__reg
main_chip/u_main.mul.intermediate_result_q_45__reg
main_chip/u_main.mul.intermediate_result_q_46__reg
main_chip/u_main.mul.intermediate_result_q_47__reg
main_chip/u_main.mul.intermediate_result_q_48__reg
main_chip/u_main.mul.intermediate_result_q_49__reg
main_chip/u_main.mul.intermediate_result_q_4__reg
main_chip/u_main.mul.intermediate_result_q_50__reg
main_chip/u_main.mul.intermediate_result_q_51__reg
main_chip/u_main.mul.intermediate_result_q_52__reg
main_chip/u_main.mul.intermediate_result_q_53__reg
main_chip/u_main.mul.intermediate_result_q_54__reg
main_chip/u_main.mul.intermediate_result_q_56__reg
main_chip/u_main.mul.intermediate_result_q_57__reg
main_chip/u_main.mul.intermediate_result_q_58__reg
main_chip/u_main.mul.intermediate_result_q_59__reg
main_chip/u_main.mul.intermediate_result_q_5__reg
main_chip/u_main.mul.intermediate_result_q_60__reg
main_chip/u_main.mul.intermediate_result_q_61__reg
main_chip/u_main.mul.intermediate_result_q_62__reg
main_chip/u_main.mul.intermediate_result_q_63__reg
main_chip/u_main.mul.intermediate_result_q_64__reg
main_chip/u_main.mul.intermediate_result_q_6__reg
main_chip/u_main.mul.intermediate_result_q_70__reg
main_chip/u_main.mul.intermediate_result_q_71__reg
main_chip/u_main.mul.intermediate_result_q_72__reg
main_chip/u_main.mul.intermediate_result_q_73__reg
main_chip/u_main.mul.intermediate_result_q_74__reg
main_chip/u_main.mul.intermediate_result_q_75__reg
main_chip/u_main.mul.intermediate_result_q_76__reg
main_chip/u_main.mul.intermediate_result_q_77__reg
main_chip/u_main.mul.intermediate_result_q_78__reg
main_chip/u_main.mul.intermediate_result_q_79__reg
main_chip/u_main.mul.intermediate_result_q_7__reg
main_chip/u_main.mul.intermediate_result_q_80__reg
main_chip/u_main.mul.intermediate_result_q_81__reg
main_chip/u_main.mul.intermediate_result_q_82__reg
main_chip/u_main.mul.intermediate_result_q_84__reg
main_chip/u_main.mul.intermediate_result_q_85__reg
main_chip/u_main.mul.intermediate_result_q_86__reg
main_chip/u_main.mul.intermediate_result_q_87__reg
main_chip/u_main.mul.intermediate_result_q_88__reg
main_chip/u_main.mul.intermediate_result_q_89__reg
main_chip/u_main.mul.intermediate_result_q_8__reg
main_chip/u_main.mul.intermediate_result_q_90__reg
main_chip/u_main.mul.intermediate_result_q_91__reg
main_chip/u_main.mul.intermediate_result_q_92__reg
main_chip/u_main.mul.intermediate_result_q_93__reg
main_chip/u_main.mul.intermediate_result_q_94__reg
main_chip/u_main.mul.intermediate_result_q_95__reg
main_chip/u_main.mul.intermediate_result_q_96__reg
main_chip/u_main.mul.intermediate_result_q_98__reg
main_chip/u_main.mul.intermediate_result_q_99__reg
main_chip/u_main.mul.intermediate_result_q_9__reg
main_chip/u_main.mul.operand_A_q_0__reg
main_chip/u_main.mul.operand_A_q_10__reg
main_chip/u_main.mul.operand_A_q_11__reg
main_chip/u_main.mul.operand_A_q_12__reg
main_chip/u_main.mul.operand_A_q_13__reg
main_chip/u_main.mul.operand_A_q_14__reg
main_chip/u_main.mul.operand_A_q_15__reg
main_chip/u_main.mul.operand_A_q_16__reg
main_chip/u_main.mul.operand_A_q_17__reg
main_chip/u_main.mul.operand_A_q_18__reg
main_chip/u_main.mul.operand_A_q_19__reg
main_chip/u_main.mul.operand_A_q_1__reg
main_chip/u_main.mul.operand_A_q_20__reg
main_chip/u_main.mul.operand_A_q_21__reg
main_chip/u_main.mul.operand_A_q_22__reg
main_chip/u_main.mul.operand_A_q_23__reg
main_chip/u_main.mul.operand_A_q_24__reg
main_chip/u_main.mul.operand_A_q_25__reg
main_chip/u_main.mul.operand_A_q_26__reg
main_chip/u_main.mul.operand_A_q_27__reg
main_chip/u_main.mul.operand_A_q_28__reg
main_chip/u_main.mul.operand_A_q_29__reg
main_chip/u_main.mul.operand_A_q_2__reg
main_chip/u_main.mul.operand_A_q_30__reg
main_chip/u_main.mul.operand_A_q_31__reg
main_chip/u_main.mul.operand_A_q_32__reg
main_chip/u_main.mul.operand_A_q_33__reg
main_chip/u_main.mul.operand_A_q_34__reg
main_chip/u_main.mul.operand_A_q_35__reg
main_chip/u_main.mul.operand_A_q_36__reg
main_chip/u_main.mul.operand_A_q_37__reg
main_chip/u_main.mul.operand_A_q_38__reg
main_chip/u_main.mul.operand_A_q_39__reg
main_chip/u_main.mul.operand_A_q_3__reg
main_chip/u_main.mul.operand_A_q_40__reg
main_chip/u_main.mul.operand_A_q_41__reg
main_chip/u_main.mul.operand_A_q_42__reg
main_chip/u_main.mul.operand_A_q_43__reg
main_chip/u_main.mul.operand_A_q_44__reg
main_chip/u_main.mul.operand_A_q_45__reg
main_chip/u_main.mul.operand_A_q_46__reg
main_chip/u_main.mul.operand_A_q_47__reg
main_chip/u_main.mul.operand_A_q_48__reg
main_chip/u_main.mul.operand_A_q_49__reg
main_chip/u_main.mul.operand_A_q_4__reg
main_chip/u_main.mul.operand_A_q_50__reg
main_chip/u_main.mul.operand_A_q_51__reg
main_chip/u_main.mul.operand_A_q_52__reg
main_chip/u_main.mul.operand_A_q_53__reg
main_chip/u_main.mul.operand_A_q_54__reg
main_chip/u_main.mul.operand_A_q_55__reg
main_chip/u_main.mul.operand_A_q_56__reg
main_chip/u_main.mul.operand_A_q_57__reg
main_chip/u_main.mul.operand_A_q_58__reg
main_chip/u_main.mul.operand_A_q_59__reg
main_chip/u_main.mul.operand_A_q_5__reg
main_chip/u_main.mul.operand_A_q_60__reg
main_chip/u_main.mul.operand_A_q_61__reg
main_chip/u_main.mul.operand_A_q_62__reg
main_chip/u_main.mul.operand_A_q_63__reg
main_chip/u_main.mul.operand_A_q_6__reg
main_chip/u_main.mul.operand_A_q_7__reg
main_chip/u_main.mul.operand_A_q_8__reg
main_chip/u_main.mul.operand_A_q_9__reg
main_chip/u_main.mul.operand_B_q_0__reg
main_chip/u_main.mul.operand_B_q_10__reg
main_chip/u_main.mul.operand_B_q_11__reg
main_chip/u_main.mul.operand_B_q_12__reg
main_chip/u_main.mul.operand_B_q_13__reg
main_chip/u_main.mul.operand_B_q_14__reg
main_chip/u_main.mul.operand_B_q_15__reg
main_chip/u_main.mul.operand_B_q_16__reg
main_chip/u_main.mul.operand_B_q_17__reg
main_chip/u_main.mul.operand_B_q_18__reg
main_chip/u_main.mul.operand_B_q_19__reg
main_chip/u_main.mul.operand_B_q_1__reg
main_chip/u_main.mul.operand_B_q_20__reg
main_chip/u_main.mul.operand_B_q_21__reg
main_chip/u_main.mul.operand_B_q_22__reg
main_chip/u_main.mul.operand_B_q_23__reg
main_chip/u_main.mul.operand_B_q_24__reg
main_chip/u_main.mul.operand_B_q_25__reg
main_chip/u_main.mul.operand_B_q_26__reg
main_chip/u_main.mul.operand_B_q_27__reg
main_chip/u_main.mul.operand_B_q_28__reg
main_chip/u_main.mul.operand_B_q_29__reg
main_chip/u_main.mul.operand_B_q_2__reg
main_chip/u_main.mul.operand_B_q_30__reg
main_chip/u_main.mul.operand_B_q_31__reg
main_chip/u_main.mul.operand_B_q_32__reg
main_chip/u_main.mul.operand_B_q_33__reg
main_chip/u_main.mul.operand_B_q_34__reg
main_chip/u_main.mul.operand_B_q_35__reg
main_chip/u_main.mul.operand_B_q_36__reg
main_chip/u_main.mul.operand_B_q_37__reg
main_chip/u_main.mul.operand_B_q_38__reg
main_chip/u_main.mul.operand_B_q_39__reg
main_chip/u_main.mul.operand_B_q_3__reg
main_chip/u_main.mul.operand_B_q_40__reg
main_chip/u_main.mul.operand_B_q_41__reg
main_chip/u_main.mul.operand_B_q_42__reg
main_chip/u_main.mul.operand_B_q_43__reg
main_chip/u_main.mul.operand_B_q_44__reg
main_chip/u_main.mul.operand_B_q_45__reg
main_chip/u_main.mul.operand_B_q_46__reg
main_chip/u_main.mul.operand_B_q_47__reg
main_chip/u_main.mul.operand_B_q_48__reg
main_chip/u_main.mul.operand_B_q_49__reg
main_chip/u_main.mul.operand_B_q_4__reg
main_chip/u_main.mul.operand_B_q_50__reg
main_chip/u_main.mul.operand_B_q_51__reg
main_chip/u_main.mul.operand_B_q_52__reg
main_chip/u_main.mul.operand_B_q_53__reg
main_chip/u_main.mul.operand_B_q_54__reg
main_chip/u_main.mul.operand_B_q_55__reg
main_chip/u_main.mul.operand_B_q_56__reg
main_chip/u_main.mul.operand_B_q_57__reg
main_chip/u_main.mul.operand_B_q_58__reg
main_chip/u_main.mul.operand_B_q_59__reg
main_chip/u_main.mul.operand_B_q_5__reg
main_chip/u_main.mul.operand_B_q_60__reg
main_chip/u_main.mul.operand_B_q_61__reg
main_chip/u_main.mul.operand_B_q_62__reg
main_chip/u_main.mul.operand_B_q_63__reg
main_chip/u_main.mul.operand_B_q_6__reg
main_chip/u_main.mul.operand_B_q_7__reg
main_chip/u_main.mul.operand_B_q_8__reg
main_chip/u_main.mul.operand_B_q_9__reg
main_chip/u_main.mul.result_valid_i_reg
main_chip/u_main.result_addr_2__reg
main_chip/u_main.result_addr_3__reg
main_chip/u_main.result_addr_4__reg
main_chip/u_main.result_addr_5__reg
main_chip/u_main.result_addr_6__reg
main_chip/u_main.result_addr_7__reg
main_chip/u_main.sr_out.data_to_stream_0__reg
main_chip/u_main.sr_out.data_to_stream_10__reg
main_chip/u_main.sr_out.data_to_stream_11__reg
main_chip/u_main.sr_out.data_to_stream_12__reg
main_chip/u_main.sr_out.data_to_stream_13__reg
main_chip/u_main.sr_out.data_to_stream_14__reg
main_chip/u_main.sr_out.data_to_stream_15__reg
main_chip/u_main.sr_out.data_to_stream_16__reg
main_chip/u_main.sr_out.data_to_stream_17__reg
main_chip/u_main.sr_out.data_to_stream_18__reg
main_chip/u_main.sr_out.data_to_stream_19__reg
main_chip/u_main.sr_out.data_to_stream_1__reg
main_chip/u_main.sr_out.data_to_stream_20__reg
main_chip/u_main.sr_out.data_to_stream_21__reg
main_chip/u_main.sr_out.data_to_stream_22__reg
main_chip/u_main.sr_out.data_to_stream_23__reg
main_chip/u_main.sr_out.data_to_stream_24__reg
main_chip/u_main.sr_out.data_to_stream_25__reg
main_chip/u_main.sr_out.data_to_stream_26__reg
main_chip/u_main.sr_out.data_to_stream_27__reg
main_chip/u_main.sr_out.data_to_stream_28__reg
main_chip/u_main.sr_out.data_to_stream_29__reg
main_chip/u_main.sr_out.data_to_stream_2__reg
main_chip/u_main.sr_out.data_to_stream_30__reg
main_chip/u_main.sr_out.data_to_stream_31__reg
main_chip/u_main.sr_out.data_to_stream_32__reg
main_chip/u_main.sr_out.data_to_stream_33__reg
main_chip/u_main.sr_out.data_to_stream_34__reg
main_chip/u_main.sr_out.data_to_stream_35__reg
main_chip/u_main.sr_out.data_to_stream_36__reg
main_chip/u_main.sr_out.data_to_stream_37__reg
main_chip/u_main.sr_out.data_to_stream_38__reg
main_chip/u_main.sr_out.data_to_stream_39__reg
main_chip/u_main.sr_out.data_to_stream_3__reg
main_chip/u_main.sr_out.data_to_stream_40__reg
main_chip/u_main.sr_out.data_to_stream_41__reg
main_chip/u_main.sr_out.data_to_stream_42__reg
main_chip/u_main.sr_out.data_to_stream_43__reg
main_chip/u_main.sr_out.data_to_stream_44__reg
main_chip/u_main.sr_out.data_to_stream_45__reg
main_chip/u_main.sr_out.data_to_stream_46__reg
main_chip/u_main.sr_out.data_to_stream_47__reg
main_chip/u_main.sr_out.data_to_stream_4__reg
main_chip/u_main.sr_out.data_to_stream_5__reg
main_chip/u_main.sr_out.data_to_stream_6__reg
main_chip/u_main.sr_out.data_to_stream_7__reg
main_chip/u_main.sr_out.data_to_stream_8__reg
main_chip/u_main.sr_out.data_to_stream_9__reg
main_chip/u_main.u_gemm_ctrl.K_count_q_0__reg
main_chip/u_main.u_gemm_ctrl.K_count_q_1__reg
main_chip/u_main.u_gemm_ctrl.K_count_q_2__reg
main_chip/u_main.u_gemm_ctrl.M_count_q_0__reg
main_chip/u_main.u_gemm_ctrl.M_count_q_1__reg
main_chip/u_main.u_gemm_ctrl.M_count_q_2__reg
main_chip/u_main.u_gemm_ctrl.N_count_q_0__reg
main_chip/u_main.u_gemm_ctrl.N_count_q_1__reg
main_chip/u_main.u_gemm_ctrl.N_count_q_2__reg
main_chip/u_main.u_gemm_ctrl.done_d2_reg
main_chip/u_main.u_gemm_ctrl.done_d3_reg
main_chip/u_main.u_gemm_ctrl.done_d4_reg
main_chip/u_main.u_gemm_ctrl.gemm_out_addr_d2_2__reg
main_chip/u_main.u_gemm_ctrl.gemm_out_addr_d2_3__reg
main_chip/u_main.u_gemm_ctrl.gemm_out_addr_d2_4__reg
main_chip/u_main.u_gemm_ctrl.gemm_out_addr_d2_5__reg
main_chip/u_main.u_gemm_ctrl.gemm_out_addr_d2_6__reg
main_chip/u_main.u_gemm_ctrl.gemm_out_addr_d2_7__reg
main_chip/u_main.u_gemm_ctrl.gemm_out_addr_d3_2__reg
main_chip/u_main.u_gemm_ctrl.gemm_out_addr_d3_3__reg
main_chip/u_main.u_gemm_ctrl.gemm_out_addr_d3_4__reg
main_chip/u_main.u_gemm_ctrl.gemm_out_addr_d3_5__reg
main_chip/u_main.u_gemm_ctrl.gemm_out_addr_d3_6__reg
main_chip/u_main.u_gemm_ctrl.gemm_out_addr_d3_7__reg
main_chip/u_main.u_gemm_ctrl.state_q_0__reg
main_chip/u_main.u_gemm_ctrl.state_q_1__reg
main_chip/u_main.u_gemm_ctrl.valid_d2_reg
main_chip/u_main.u_gemm_ctrl.valid_d3_reg
main_chip/u_main.u_pack14to16.padded_data_q_100__reg
main_chip/u_main.u_pack14to16.padded_data_q_101__reg
main_chip/u_main.u_pack14to16.padded_data_q_102__reg
main_chip/u_main.u_pack14to16.padded_data_q_103__reg
main_chip/u_main.u_pack14to16.padded_data_q_104__reg
main_chip/u_main.u_pack14to16.padded_data_q_105__reg
main_chip/u_main.u_pack14to16.padded_data_q_106__reg
main_chip/u_main.u_pack14to16.padded_data_q_107__reg
main_chip/u_main.u_pack14to16.padded_data_q_108__reg
main_chip/u_main.u_pack14to16.padded_data_q_111__reg
main_chip/u_main.u_pack14to16.padded_data_q_112__reg
main_chip/u_main.u_pack14to16.padded_data_q_113__reg
main_chip/u_main.u_pack14to16.padded_data_q_114__reg
main_chip/u_main.u_pack14to16.padded_data_q_115__reg
main_chip/u_main.u_pack14to16.padded_data_q_116__reg
main_chip/u_main.u_pack14to16.padded_data_q_117__reg
main_chip/u_main.u_pack14to16.padded_data_q_118__reg
main_chip/u_main.u_pack14to16.padded_data_q_119__reg
main_chip/u_main.u_pack14to16.padded_data_q_120__reg
main_chip/u_main.u_pack14to16.padded_data_q_121__reg
main_chip/u_main.u_pack14to16.padded_data_q_122__reg
main_chip/u_main.u_pack14to16.padded_data_q_123__reg
main_chip/u_main.u_pack14to16.padded_data_q_124__reg
main_chip/u_main.u_pack14to16.padded_data_q_127__reg
main_chip/u_main.u_pack14to16.padded_data_q_128__reg
main_chip/u_main.u_pack14to16.padded_data_q_129__reg
main_chip/u_main.u_pack14to16.padded_data_q_130__reg
main_chip/u_main.u_pack14to16.padded_data_q_131__reg
main_chip/u_main.u_pack14to16.padded_data_q_132__reg
main_chip/u_main.u_pack14to16.padded_data_q_133__reg
main_chip/u_main.u_pack14to16.padded_data_q_134__reg
main_chip/u_main.u_pack14to16.padded_data_q_135__reg
main_chip/u_main.u_pack14to16.padded_data_q_136__reg
main_chip/u_main.u_pack14to16.padded_data_q_137__reg
main_chip/u_main.u_pack14to16.padded_data_q_138__reg
main_chip/u_main.u_pack14to16.padded_data_q_139__reg
main_chip/u_main.u_pack14to16.padded_data_q_140__reg
main_chip/u_main.u_pack14to16.padded_data_q_143__reg
main_chip/u_main.u_pack14to16.padded_data_q_144__reg
main_chip/u_main.u_pack14to16.padded_data_q_145__reg
main_chip/u_main.u_pack14to16.padded_data_q_146__reg
main_chip/u_main.u_pack14to16.padded_data_q_147__reg
main_chip/u_main.u_pack14to16.padded_data_q_148__reg
main_chip/u_main.u_pack14to16.padded_data_q_149__reg
main_chip/u_main.u_pack14to16.padded_data_q_150__reg
main_chip/u_main.u_pack14to16.padded_data_q_151__reg
main_chip/u_main.u_pack14to16.padded_data_q_152__reg
main_chip/u_main.u_pack14to16.padded_data_q_153__reg
main_chip/u_main.u_pack14to16.padded_data_q_154__reg
main_chip/u_main.u_pack14to16.padded_data_q_155__reg
main_chip/u_main.u_pack14to16.padded_data_q_156__reg
main_chip/u_main.u_pack14to16.padded_data_q_159__reg
main_chip/u_main.u_pack14to16.padded_data_q_160__reg
main_chip/u_main.u_pack14to16.padded_data_q_161__reg
main_chip/u_main.u_pack14to16.padded_data_q_162__reg
main_chip/u_main.u_pack14to16.padded_data_q_163__reg
main_chip/u_main.u_pack14to16.padded_data_q_164__reg
main_chip/u_main.u_pack14to16.padded_data_q_165__reg
main_chip/u_main.u_pack14to16.padded_data_q_166__reg
main_chip/u_main.u_pack14to16.padded_data_q_167__reg
main_chip/u_main.u_pack14to16.padded_data_q_168__reg
main_chip/u_main.u_pack14to16.padded_data_q_169__reg
main_chip/u_main.u_pack14to16.padded_data_q_170__reg
main_chip/u_main.u_pack14to16.padded_data_q_171__reg
main_chip/u_main.u_pack14to16.padded_data_q_172__reg
main_chip/u_main.u_pack14to16.padded_data_q_175__reg
main_chip/u_main.u_pack14to16.padded_data_q_176__reg
main_chip/u_main.u_pack14to16.padded_data_q_177__reg
main_chip/u_main.u_pack14to16.padded_data_q_178__reg
main_chip/u_main.u_pack14to16.padded_data_q_179__reg
main_chip/u_main.u_pack14to16.padded_data_q_180__reg
main_chip/u_main.u_pack14to16.padded_data_q_181__reg
main_chip/u_main.u_pack14to16.padded_data_q_182__reg
main_chip/u_main.u_pack14to16.padded_data_q_183__reg
main_chip/u_main.u_pack14to16.padded_data_q_184__reg
main_chip/u_main.u_pack14to16.padded_data_q_185__reg
main_chip/u_main.u_pack14to16.padded_data_q_186__reg
main_chip/u_main.u_pack14to16.padded_data_q_187__reg
main_chip/u_main.u_pack14to16.padded_data_q_188__reg
main_chip/u_main.u_pack14to16.padded_data_q_191__reg
main_chip/u_main.u_pack14to16.padded_data_q_192__reg
main_chip/u_main.u_pack14to16.padded_data_q_193__reg
main_chip/u_main.u_pack14to16.padded_data_q_194__reg
main_chip/u_main.u_pack14to16.padded_data_q_195__reg
main_chip/u_main.u_pack14to16.padded_data_q_196__reg
main_chip/u_main.u_pack14to16.padded_data_q_197__reg
main_chip/u_main.u_pack14to16.padded_data_q_198__reg
main_chip/u_main.u_pack14to16.padded_data_q_199__reg
main_chip/u_main.u_pack14to16.padded_data_q_200__reg
main_chip/u_main.u_pack14to16.padded_data_q_201__reg
main_chip/u_main.u_pack14to16.padded_data_q_202__reg
main_chip/u_main.u_pack14to16.padded_data_q_203__reg
main_chip/u_main.u_pack14to16.padded_data_q_204__reg
main_chip/u_main.u_pack14to16.padded_data_q_207__reg
main_chip/u_main.u_pack14to16.padded_data_q_208__reg
main_chip/u_main.u_pack14to16.padded_data_q_209__reg
main_chip/u_main.u_pack14to16.padded_data_q_210__reg
main_chip/u_main.u_pack14to16.padded_data_q_211__reg
main_chip/u_main.u_pack14to16.padded_data_q_212__reg
main_chip/u_main.u_pack14to16.padded_data_q_213__reg
main_chip/u_main.u_pack14to16.padded_data_q_214__reg
main_chip/u_main.u_pack14to16.padded_data_q_215__reg
main_chip/u_main.u_pack14to16.padded_data_q_216__reg
main_chip/u_main.u_pack14to16.padded_data_q_217__reg
main_chip/u_main.u_pack14to16.padded_data_q_218__reg
main_chip/u_main.u_pack14to16.padded_data_q_219__reg
main_chip/u_main.u_pack14to16.padded_data_q_220__reg
main_chip/u_main.u_pack14to16.padded_data_q_223__reg
main_chip/u_main.u_pack14to16.padded_data_q_224__reg
main_chip/u_main.u_pack14to16.padded_data_q_225__reg
main_chip/u_main.u_pack14to16.padded_data_q_226__reg
main_chip/u_main.u_pack14to16.padded_data_q_227__reg
main_chip/u_main.u_pack14to16.padded_data_q_228__reg
main_chip/u_main.u_pack14to16.padded_data_q_229__reg
main_chip/u_main.u_pack14to16.padded_data_q_230__reg
main_chip/u_main.u_pack14to16.padded_data_q_231__reg
main_chip/u_main.u_pack14to16.padded_data_q_232__reg
main_chip/u_main.u_pack14to16.padded_data_q_233__reg
main_chip/u_main.u_pack14to16.padded_data_q_234__reg
main_chip/u_main.u_pack14to16.padded_data_q_235__reg
main_chip/u_main.u_pack14to16.padded_data_q_236__reg
main_chip/u_main.u_pack14to16.padded_data_q_239__reg
main_chip/u_main.u_pack14to16.padded_data_q_240__reg
main_chip/u_main.u_pack14to16.padded_data_q_241__reg
main_chip/u_main.u_pack14to16.padded_data_q_242__reg
main_chip/u_main.u_pack14to16.padded_data_q_243__reg
main_chip/u_main.u_pack14to16.padded_data_q_244__reg
main_chip/u_main.u_pack14to16.padded_data_q_245__reg
main_chip/u_main.u_pack14to16.padded_data_q_246__reg
main_chip/u_main.u_pack14to16.padded_data_q_247__reg
main_chip/u_main.u_pack14to16.padded_data_q_248__reg
main_chip/u_main.u_pack14to16.padded_data_q_249__reg
main_chip/u_main.u_pack14to16.padded_data_q_250__reg
main_chip/u_main.u_pack14to16.padded_data_q_251__reg
main_chip/u_main.u_pack14to16.padded_data_q_252__reg
main_chip/u_main.u_pack14to16.padded_data_q_255__reg
main_chip/u_main.u_pack14to16.padded_data_q_64__reg
main_chip/u_main.u_pack14to16.padded_data_q_65__reg
main_chip/u_main.u_pack14to16.padded_data_q_66__reg
main_chip/u_main.u_pack14to16.padded_data_q_67__reg
main_chip/u_main.u_pack14to16.padded_data_q_68__reg
main_chip/u_main.u_pack14to16.padded_data_q_69__reg
main_chip/u_main.u_pack14to16.padded_data_q_70__reg
main_chip/u_main.u_pack14to16.padded_data_q_71__reg
main_chip/u_main.u_pack14to16.padded_data_q_72__reg
main_chip/u_main.u_pack14to16.padded_data_q_73__reg
main_chip/u_main.u_pack14to16.padded_data_q_74__reg
main_chip/u_main.u_pack14to16.padded_data_q_75__reg
main_chip/u_main.u_pack14to16.padded_data_q_76__reg
main_chip/u_main.u_pack14to16.padded_data_q_79__reg
main_chip/u_main.u_pack14to16.padded_data_q_80__reg
main_chip/u_main.u_pack14to16.padded_data_q_81__reg
main_chip/u_main.u_pack14to16.padded_data_q_82__reg
main_chip/u_main.u_pack14to16.padded_data_q_83__reg
main_chip/u_main.u_pack14to16.padded_data_q_84__reg
main_chip/u_main.u_pack14to16.padded_data_q_85__reg
main_chip/u_main.u_pack14to16.padded_data_q_86__reg
main_chip/u_main.u_pack14to16.padded_data_q_87__reg
main_chip/u_main.u_pack14to16.padded_data_q_88__reg
main_chip/u_main.u_pack14to16.padded_data_q_89__reg
main_chip/u_main.u_pack14to16.padded_data_q_90__reg
main_chip/u_main.u_pack14to16.padded_data_q_91__reg
main_chip/u_main.u_pack14to16.padded_data_q_92__reg
main_chip/u_main.u_pack14to16.padded_data_q_95__reg
main_chip/u_main.u_pack14to16.padded_data_q_96__reg
main_chip/u_main.u_pack14to16.padded_data_q_97__reg
main_chip/u_main.u_pack14to16.padded_data_q_98__reg
main_chip/u_main.u_pack14to16.padded_data_q_99__reg
