
==========================================================================
Placement_Final.placed check_setup
--------------------------------------------------------------------------
1

==========================================================================
Placement_Final.placed report_tns
--------------------------------------------------------------------------
tns max 0.00

==========================================================================
Placement_Final.placed report_wns
--------------------------------------------------------------------------
wns max 0.00

==========================================================================
Placement_Final.placed report_worst_slack
--------------------------------------------------------------------------
worst slack max 0.44

==========================================================================
Placement_Final.placed report_checks -path_delay min
--------------------------------------------------------------------------
[WARNING STA-0168] unknown field nets.
Startpoint: u_main/SRAM_gen_out_sram_addr_4__reg
            (rising edge-triggered flip-flop clocked by clk_sys)
Endpoint: u_main/out_sram (rising edge-triggered flip-flop clocked by clk_sys)
Path Group: clk_sys
Path Type: min
Corner: tt

Fanout     Cap    Slew   Delay    Time   Description
-----------------------------------------------------------------------------
                  0.20    0.00    0.00   clock clk_sys (rise edge)
                          0.00    0.00   clock network delay (ideal)
                  0.20    0.00    0.00 ^ u_main/SRAM_gen_out_sram_addr_4__reg/CK (DFFQX1)
     1    0.01    0.10    0.32    0.32 ^ u_main/SRAM_gen_out_sram_addr_4__reg/Q (DFFQX1)
                  0.13    0.00    0.32 ^ u_main/out_sram/A_ADDR[4] (RM_IHPSG13_1P_256x64_c2_bm_bist)
                                  0.32   data arrival time

                  0.20    0.00    0.00   clock clk_sys (rise edge)
                          0.00    0.00   clock network delay (ideal)
                          0.10    0.10   clock uncertainty
                          0.00    0.10   clock reconvergence pessimism
                                  0.10 ^ u_main/out_sram/A_CLK (RM_IHPSG13_1P_256x64_c2_bm_bist)
                          0.58    0.68   library hold time
                                  0.68   data required time
-----------------------------------------------------------------------------
                                  0.68   data required time
                                 -0.32   data arrival time
-----------------------------------------------------------------------------
                                 -0.36   slack (VIOLATED)



==========================================================================
Placement_Final.placed report_checks -path_delay max
--------------------------------------------------------------------------
[WARNING STA-0168] unknown field nets.
Startpoint: rst_ni (input port)
Endpoint: IO_BOND_pad_rst_ni/pad (internal path endpoint)
Path Group: path delay
Path Type: max
Corner: tt

Fanout     Cap    Slew   Delay    Time   Description
-----------------------------------------------------------------------------
                          0.67    0.67 ^ input external delay
     2    0.24    0.35    0.04    0.70 ^ rst_ni (in)
                  0.26    0.00    0.70 ^ IO_BOND_pad_rst_ni/pad (bondpad5l_70x70)
                                  0.70   data arrival time

                          6.67    6.67   max_delay
                          0.00    6.67   output external delay
                                  6.67   data required time
-----------------------------------------------------------------------------
                                  6.67   data required time
                                 -0.70   data arrival time
-----------------------------------------------------------------------------
                                  5.97   slack (MET)


Startpoint: u_main/sm_gemm_power.operand_A_q_54__reg
            (rising edge-triggered flip-flop clocked by clk_sys)
Endpoint: u_main/final_data_q_204__reg
          (rising edge-triggered flip-flop clocked by clk_sys)
Path Group: clk_sys
Path Type: max
Corner: tt

Fanout     Cap    Slew   Delay    Time   Description
-----------------------------------------------------------------------------
                  0.20    0.00    0.00   clock clk_sys (rise edge)
                          0.00    0.00   clock network delay (ideal)
                  0.20    0.00    0.00 ^ u_main/sm_gemm_power.operand_A_q_54__reg/CK (DFFQX1)
     8    0.03    0.25    0.43    0.43 ^ u_main/sm_gemm_power.operand_A_q_54__reg/Q (DFFQX1)
                  0.25    0.00    0.43 ^ u_main/sm_gemm_power.gen_sm_power.u_matmul/_08415_/A (INVX3)
     8    0.04    0.14    0.20    0.63 v u_main/sm_gemm_power.gen_sm_power.u_matmul/_08415_/Y (INVX3)
                  0.14    0.00    0.63 v u_main/sm_gemm_power.gen_sm_power.u_matmul/_09090_/A (NOR2X1)
     6    0.03    0.55    0.46    1.09 ^ u_main/sm_gemm_power.gen_sm_power.u_matmul/_09090_/Y (NOR2X1)
                  0.55    0.00    1.09 ^ u_main/sm_gemm_power.gen_sm_power.u_matmul/_09105_/A (INVX1)
     1    0.00    0.11    0.13    1.23 v u_main/sm_gemm_power.gen_sm_power.u_matmul/_09105_/Y (INVX1)
                  0.11    0.00    1.23 v u_main/sm_gemm_power.gen_sm_power.u_matmul/_09106_/D (OAOI211X1)
     2    0.01    0.25    0.25    1.48 ^ u_main/sm_gemm_power.gen_sm_power.u_matmul/_09106_/Y (OAOI211X1)
                  0.25    0.00    1.48 ^ u_main/sm_gemm_power.gen_sm_power.u_matmul/_09135_/A (NOR2X1)
     2    0.01    0.09    0.13    1.61 v u_main/sm_gemm_power.gen_sm_power.u_matmul/_09135_/Y (NOR2X1)
                  0.09    0.00    1.61 v u_main/sm_gemm_power.gen_sm_power.u_matmul/_09136_/D (OAI2BB2X2)
     1    0.00    0.08    0.08    1.69 ^ u_main/sm_gemm_power.gen_sm_power.u_matmul/_09136_/Y (OAI2BB2X2)
                  0.08    0.00    1.69 ^ u_main/sm_gemm_power.gen_sm_power.u_matmul/_09137_/B (NAND2X1)
     3    0.01    0.18    0.18    1.87 v u_main/sm_gemm_power.gen_sm_power.u_matmul/_09137_/Y (NAND2X1)
                  0.18    0.00    1.87 v u_main/sm_gemm_power.gen_sm_power.u_matmul/_09212_/A (AOI31X2)
     5    0.01    0.17    0.19    2.05 ^ u_main/sm_gemm_power.gen_sm_power.u_matmul/_09212_/Y (AOI31X2)
                  0.17    0.00    2.05 ^ u_main/sm_gemm_power.gen_sm_power.u_matmul/_09229_/A (OAI21X2)
     3    0.01    0.10    0.15    2.20 v u_main/sm_gemm_power.gen_sm_power.u_matmul/_09229_/Y (OAI21X2)
                  0.10    0.00    2.20 v u_main/sm_gemm_power.gen_sm_power.u_matmul/_09235_/B (MIN3X1)
     3    0.01    0.22    0.22    2.42 ^ u_main/sm_gemm_power.gen_sm_power.u_matmul/_09235_/Y (MIN3X1)
                  0.22    0.00    2.42 ^ u_main/sm_gemm_power.gen_sm_power.u_matmul/_09238_/B (OAOI211X2)
     4    0.01    0.13    0.17    2.59 v u_main/sm_gemm_power.gen_sm_power.u_matmul/_09238_/Y (OAOI211X2)
                  0.13    0.00    2.59 v u_main/sm_gemm_power.gen_sm_power.u_matmul/_09308_/C (NOR3X1)
     3    0.01    0.27    0.24    2.83 ^ u_main/sm_gemm_power.gen_sm_power.u_matmul/_09308_/Y (NOR3X1)
                  0.27    0.00    2.83 ^ u_main/sm_gemm_power.gen_sm_power.u_matmul/_09310_/CB (AOI2B2BX2)
     5    0.01    0.16    0.26    3.10 ^ u_main/sm_gemm_power.gen_sm_power.u_matmul/_09310_/Y (AOI2B2BX2)
                  0.16    0.00    3.10 ^ u_main/sm_gemm_power.gen_sm_power.u_matmul/_09351_/A (OAI21X1)
     1    0.00    0.08    0.13    3.23 v u_main/sm_gemm_power.gen_sm_power.u_matmul/_09351_/Y (OAI21X1)
                  0.08    0.00    3.23 v u_main/sm_gemm_power.gen_sm_power.u_matmul/_09352_/B (AOI21X1)
     5    0.01    0.28    0.26    3.48 ^ u_main/sm_gemm_power.gen_sm_power.u_matmul/_09352_/Y (AOI21X1)
                  0.28    0.00    3.48 ^ u_main/sm_gemm_power.gen_sm_power.u_matmul/_09400_/B (OAOI211X1)
     3    0.01    0.15    0.20    3.69 v u_main/sm_gemm_power.gen_sm_power.u_matmul/_09400_/Y (OAOI211X1)
                  0.15    0.00    3.69 v u_main/sm_gemm_power.gen_sm_power.u_matmul/_09403_/AB (AOI2B1X1)
     1    0.00    0.08    0.14    3.83 v u_main/sm_gemm_power.gen_sm_power.u_matmul/_09403_/Y (AOI2B1X1)
                  0.08    0.00    3.83 v u_main/sm_gemm_power.gen_sm_power.u_matmul/_09404_/D (OAOI211X2)
     2    0.05    0.76    0.62    4.45 ^ u_main/sm_gemm_power.gen_sm_power.u_matmul/_09404_/Y (OAOI211X2)
                  0.76    0.00    4.45 ^ u_main/sm_gemm_power.gen_sm_power.u_matmul/_09456_/A (XOR2X2)
     2    0.04    0.33    0.46    4.91 v u_main/sm_gemm_power.gen_sm_power.u_matmul/_09456_/Y (XOR2X2)
                  0.33    0.00    4.91 v u_main/_13659_/D (AOI22X1)
     1    0.04    0.83    0.73    5.65 ^ u_main/_13659_/Y (AOI22X1)
                  0.83    0.01    5.65 ^ u_main/_13663_/A (AO31X2)
     1    0.00    0.07    0.39    6.04 ^ u_main/_13663_/Y (AO31X2)
                  0.07    0.00    6.04 ^ u_main/_13664_/B (AOI21X1)
     1    0.00    0.06    0.08    6.12 v u_main/_13664_/Y (AOI21X1)
                  0.06    0.00    6.12 v u_main/final_data_q_204__reg/D (DFFQX1)
                                  6.12   data arrival time

                  0.20    6.67    6.67   clock clk_sys (rise edge)
                          0.00    6.67   clock network delay (ideal)
                         -0.10    6.57   clock uncertainty
                          0.00    6.57   clock reconvergence pessimism
                                  6.57 ^ u_main/final_data_q_204__reg/CK (DFFQX1)
                         -0.01    6.56   library setup time
                                  6.56   data required time
-----------------------------------------------------------------------------
                                  6.56   data required time
                                 -6.12   data arrival time
-----------------------------------------------------------------------------
                                  0.44   slack (MET)



==========================================================================
Placement_Final.placed report_checks -unconstrained
--------------------------------------------------------------------------
[WARNING STA-0168] unknown field nets.
Startpoint: rst_ni (input port)
Endpoint: IO_BOND_pad_rst_ni/pad (internal path endpoint)
Path Group: path delay
Path Type: max
Corner: tt

Fanout     Cap    Slew   Delay    Time   Description
-----------------------------------------------------------------------------
                          0.67    0.67 ^ input external delay
     2    0.24    0.35    0.04    0.70 ^ rst_ni (in)
                  0.26    0.00    0.70 ^ IO_BOND_pad_rst_ni/pad (bondpad5l_70x70)
                                  0.70   data arrival time

                          6.67    6.67   max_delay
                          0.00    6.67   output external delay
                                  6.67   data required time
-----------------------------------------------------------------------------
                                  6.67   data required time
                                 -0.70   data arrival time
-----------------------------------------------------------------------------
                                  5.97   slack (MET)


Startpoint: u_main/sm_gemm_power.operand_A_q_54__reg
            (rising edge-triggered flip-flop clocked by clk_sys)
Endpoint: u_main/final_data_q_204__reg
          (rising edge-triggered flip-flop clocked by clk_sys)
Path Group: clk_sys
Path Type: max
Corner: tt

Fanout     Cap    Slew   Delay    Time   Description
-----------------------------------------------------------------------------
                  0.20    0.00    0.00   clock clk_sys (rise edge)
                          0.00    0.00   clock network delay (ideal)
                  0.20    0.00    0.00 ^ u_main/sm_gemm_power.operand_A_q_54__reg/CK (DFFQX1)
     8    0.03    0.25    0.43    0.43 ^ u_main/sm_gemm_power.operand_A_q_54__reg/Q (DFFQX1)
                  0.25    0.00    0.43 ^ u_main/sm_gemm_power.gen_sm_power.u_matmul/_08415_/A (INVX3)
     8    0.04    0.14    0.20    0.63 v u_main/sm_gemm_power.gen_sm_power.u_matmul/_08415_/Y (INVX3)
                  0.14    0.00    0.63 v u_main/sm_gemm_power.gen_sm_power.u_matmul/_09090_/A (NOR2X1)
     6    0.03    0.55    0.46    1.09 ^ u_main/sm_gemm_power.gen_sm_power.u_matmul/_09090_/Y (NOR2X1)
                  0.55    0.00    1.09 ^ u_main/sm_gemm_power.gen_sm_power.u_matmul/_09105_/A (INVX1)
     1    0.00    0.11    0.13    1.23 v u_main/sm_gemm_power.gen_sm_power.u_matmul/_09105_/Y (INVX1)
                  0.11    0.00    1.23 v u_main/sm_gemm_power.gen_sm_power.u_matmul/_09106_/D (OAOI211X1)
     2    0.01    0.25    0.25    1.48 ^ u_main/sm_gemm_power.gen_sm_power.u_matmul/_09106_/Y (OAOI211X1)
                  0.25    0.00    1.48 ^ u_main/sm_gemm_power.gen_sm_power.u_matmul/_09135_/A (NOR2X1)
     2    0.01    0.09    0.13    1.61 v u_main/sm_gemm_power.gen_sm_power.u_matmul/_09135_/Y (NOR2X1)
                  0.09    0.00    1.61 v u_main/sm_gemm_power.gen_sm_power.u_matmul/_09136_/D (OAI2BB2X2)
     1    0.00    0.08    0.08    1.69 ^ u_main/sm_gemm_power.gen_sm_power.u_matmul/_09136_/Y (OAI2BB2X2)
                  0.08    0.00    1.69 ^ u_main/sm_gemm_power.gen_sm_power.u_matmul/_09137_/B (NAND2X1)
     3    0.01    0.18    0.18    1.87 v u_main/sm_gemm_power.gen_sm_power.u_matmul/_09137_/Y (NAND2X1)
                  0.18    0.00    1.87 v u_main/sm_gemm_power.gen_sm_power.u_matmul/_09212_/A (AOI31X2)
     5    0.01    0.17    0.19    2.05 ^ u_main/sm_gemm_power.gen_sm_power.u_matmul/_09212_/Y (AOI31X2)
                  0.17    0.00    2.05 ^ u_main/sm_gemm_power.gen_sm_power.u_matmul/_09229_/A (OAI21X2)
     3    0.01    0.10    0.15    2.20 v u_main/sm_gemm_power.gen_sm_power.u_matmul/_09229_/Y (OAI21X2)
                  0.10    0.00    2.20 v u_main/sm_gemm_power.gen_sm_power.u_matmul/_09235_/B (MIN3X1)
     3    0.01    0.22    0.22    2.42 ^ u_main/sm_gemm_power.gen_sm_power.u_matmul/_09235_/Y (MIN3X1)
                  0.22    0.00    2.42 ^ u_main/sm_gemm_power.gen_sm_power.u_matmul/_09238_/B (OAOI211X2)
     4    0.01    0.13    0.17    2.59 v u_main/sm_gemm_power.gen_sm_power.u_matmul/_09238_/Y (OAOI211X2)
                  0.13    0.00    2.59 v u_main/sm_gemm_power.gen_sm_power.u_matmul/_09308_/C (NOR3X1)
     3    0.01    0.27    0.24    2.83 ^ u_main/sm_gemm_power.gen_sm_power.u_matmul/_09308_/Y (NOR3X1)
                  0.27    0.00    2.83 ^ u_main/sm_gemm_power.gen_sm_power.u_matmul/_09310_/CB (AOI2B2BX2)
     5    0.01    0.16    0.26    3.10 ^ u_main/sm_gemm_power.gen_sm_power.u_matmul/_09310_/Y (AOI2B2BX2)
                  0.16    0.00    3.10 ^ u_main/sm_gemm_power.gen_sm_power.u_matmul/_09351_/A (OAI21X1)
     1    0.00    0.08    0.13    3.23 v u_main/sm_gemm_power.gen_sm_power.u_matmul/_09351_/Y (OAI21X1)
                  0.08    0.00    3.23 v u_main/sm_gemm_power.gen_sm_power.u_matmul/_09352_/B (AOI21X1)
     5    0.01    0.28    0.26    3.48 ^ u_main/sm_gemm_power.gen_sm_power.u_matmul/_09352_/Y (AOI21X1)
                  0.28    0.00    3.48 ^ u_main/sm_gemm_power.gen_sm_power.u_matmul/_09400_/B (OAOI211X1)
     3    0.01    0.15    0.20    3.69 v u_main/sm_gemm_power.gen_sm_power.u_matmul/_09400_/Y (OAOI211X1)
                  0.15    0.00    3.69 v u_main/sm_gemm_power.gen_sm_power.u_matmul/_09403_/AB (AOI2B1X1)
     1    0.00    0.08    0.14    3.83 v u_main/sm_gemm_power.gen_sm_power.u_matmul/_09403_/Y (AOI2B1X1)
                  0.08    0.00    3.83 v u_main/sm_gemm_power.gen_sm_power.u_matmul/_09404_/D (OAOI211X2)
     2    0.05    0.76    0.62    4.45 ^ u_main/sm_gemm_power.gen_sm_power.u_matmul/_09404_/Y (OAOI211X2)
                  0.76    0.00    4.45 ^ u_main/sm_gemm_power.gen_sm_power.u_matmul/_09456_/A (XOR2X2)
     2    0.04    0.33    0.46    4.91 v u_main/sm_gemm_power.gen_sm_power.u_matmul/_09456_/Y (XOR2X2)
                  0.33    0.00    4.91 v u_main/_13659_/D (AOI22X1)
     1    0.04    0.83    0.73    5.65 ^ u_main/_13659_/Y (AOI22X1)
                  0.83    0.01    5.65 ^ u_main/_13663_/A (AO31X2)
     1    0.00    0.07    0.39    6.04 ^ u_main/_13663_/Y (AO31X2)
                  0.07    0.00    6.04 ^ u_main/_13664_/B (AOI21X1)
     1    0.00    0.06    0.08    6.12 v u_main/_13664_/Y (AOI21X1)
                  0.06    0.00    6.12 v u_main/final_data_q_204__reg/D (DFFQX1)
                                  6.12   data arrival time

                  0.20    6.67    6.67   clock clk_sys (rise edge)
                          0.00    6.67   clock network delay (ideal)
                         -0.10    6.57   clock uncertainty
                          0.00    6.57   clock reconvergence pessimism
                                  6.57 ^ u_main/final_data_q_204__reg/CK (DFFQX1)
                         -0.01    6.56   library setup time
                                  6.56   data required time
-----------------------------------------------------------------------------
                                  6.56   data required time
                                 -6.12   data arrival time
-----------------------------------------------------------------------------
                                  0.44   slack (MET)



==========================================================================
Placement_Final.placed report_check_types -max_slew -max_cap -max_fanout -violators
--------------------------------------------------------------------------

==========================================================================
Placement_Final.placed max_slew_check_slack
--------------------------------------------------------------------------
-2.3495304584503174

==========================================================================
Placement_Final.placed max_slew_check_limit
--------------------------------------------------------------------------
1.2000000476837158

==========================================================================
Placement_Final.placed max_slew_check_slack_limit
--------------------------------------------------------------------------
-1.9579

==========================================================================
Placement_Final.placed max_fanout_check_slack
--------------------------------------------------------------------------
0.0

==========================================================================
Placement_Final.placed max_fanout_check_limit
--------------------------------------------------------------------------
16.0

==========================================================================
Placement_Final.placed max_fanout_check_slack_limit
--------------------------------------------------------------------------
0.0000

==========================================================================
Placement_Final.placed max_capacitance_check_slack
--------------------------------------------------------------------------
-10.786949157714844

==========================================================================
Placement_Final.placed max_capacitance_check_limit
--------------------------------------------------------------------------
4.21304988861084

==========================================================================
Placement_Final.placed max_capacitance_check_slack_limit
--------------------------------------------------------------------------
-2.5604

==========================================================================
Placement_Final.placed max_slew_violation_count
--------------------------------------------------------------------------
max slew violation count 19

==========================================================================
Placement_Final.placed max_fanout_violation_count
--------------------------------------------------------------------------
max fanout violation count 0

==========================================================================
Placement_Final.placed max_cap_violation_count
--------------------------------------------------------------------------
max cap violation count 24

==========================================================================
Placement_Final.placed setup_violation_count
--------------------------------------------------------------------------
setup violation count 0

==========================================================================
Placement_Final.placed hold_violation_count
--------------------------------------------------------------------------
hold violation count 221

==========================================================================
Placement_Final.placed critical path delay
--------------------------------------------------------------------------
6.1191

==========================================================================
Placement_Final.placed critical path slack
--------------------------------------------------------------------------
0.4407

==========================================================================
Placement_Final.placed slack div critical path delay
--------------------------------------------------------------------------
7.202040

==========================================================================
Placement_Final.placed report_power tt
--------------------------------------------------------------------------
Group                  Internal  Switching    Leakage      Total
                          Power      Power      Power      Power (Watts)
----------------------------------------------------------------
Sequential             7.26e-03   2.28e-06   6.68e-07   7.27e-03  67.4%
Combinational          3.09e-05   1.27e-04   3.72e-06   1.62e-04   1.5%
Clock                  0.00e+00   0.00e+00   0.00e+00   0.00e+00   0.0%
Macro                  1.45e-04   0.00e+00   2.97e-07   1.45e-04   1.3%
Pad                    1.76e-04   3.03e-03   4.47e-08   3.21e-03  29.7%
----------------------------------------------------------------
Total                  7.62e-03   3.16e-03   4.73e-06   1.08e-02 100.0%
                          70.6%      29.3%       0.0%

==========================================================================
Placement_Final.placed report_design_area
--------------------------------------------------------------------------

==========================================================================
Placement_Final.placed area by hierarchy
--------------------------------------------------------------------------

--------------------------------------------------------------------------------
Design Area Summary
--------------------------------------------------------------------------------
Die Area:              4629056.0 um2
Core Area:             2200258.368 um2
Total Area:            2419266.928 um2
Total Active Area:     776546.9280000001 um2

Core Utilization:      0.3529344277444421
Std Cell Utilization:  0.29030868521676495

--------------------------------------------------------------------------------
Hierarchical Area Report
--------------------------------------------------------------------------------
                                                                                Global Area (um^2)                                                              Global Instances                                                                Local Area (um^2)                                                               Local Instances
                                                                                ------------------------------------------------------------------------------- ------------------------------------------------------------------------------- ------------------------------------------------------------------------------- ----------------------------------------------------------------------------
Hierarchy Name                                                                  Total           StdCell         Macro           Cover           Pad             Total           StdCell         Macro           Cover           Pad             Total           StdCell         Macro           Cover           Pad             Total           StdCell         Macro           Cover           Pad             
-----------------------------------------------------------------------------------------------------------------------------------------------------------------------------------------------------------------------------------------------------------------------------------------------------------------------------------------------------------------------------------------------------------
<top>                                                                           2419266.928     582388.128      194158.800      313600.000      1329120.000     66148           65823           3               64              258             1693493.565     50773.565       0.000           313600.000      1329120.000     11294           10972           0               64              258             
  u_main                                                                        725773.363      531614.563      194158.800      0.000           0.000           54854           54851           3               0               0               336262.406      142103.606      194158.800      0.000           0.000           13110           13107           3               0               0               
    dc_gemm_baseline.gen_dc_default.u_matmul                                    42577.315       42577.315       0.000           0.000           0.000           3703            3703            0               0               0               42577.315       42577.315       0.000           0.000           0.000           3703            3703            0               0               0               
    sm_gemm_area.gen_sm_area.u_matmul                                           63348.768       63348.768       0.000           0.000           0.000           7806            7806            0               0               0               63348.768       63348.768       0.000           0.000           0.000           7806            7806            0               0               0               
    sm_gemm_power.gen_sm_power.u_matmul                                         67899.888       67899.888       0.000           0.000           0.000           8563            8563            0               0               0               67899.888       67899.888       0.000           0.000           0.000           8563            8563            0               0               0               
    tc_gemm_area.gen_tc_area.u_matmul                                           45879.523       45879.523       0.000           0.000           0.000           4534            4534            0               0               0               45879.523       45879.523       0.000           0.000           0.000           4534            4534            0               0               0               
    tc_gemm_fmax.gen_tc_fmax.u_matmul                                           63887.846       63887.846       0.000           0.000           0.000           6688            6688            0               0               0               63887.846       63887.846       0.000           0.000           0.000           6688            6688            0               0               0               
    tc_gemm_power.gen_tc_power.u_matmul                                         48900.902       48900.902       0.000           0.000           0.000           4727            4727            0               0               0               48900.902       48900.902       0.000           0.000           0.000           4727            4727            0               0               0               
    yosys_gemm_baseline.gen_yosys_baseline.u_matmul                             57016.714       57016.714       0.000           0.000           0.000           5723            5723            0               0               0               57016.714       57016.714       0.000           0.000           0.000           5723            5723            0               0               0               
